[2026-08-31T20:04:09] QUERY 1: Which film is described as the turning point that brought Ana de Armas major international recognition?
bm25=[('Ana_de_Armas', 13.47814803383926), ('Videodrome', 7.848650850228318), ('Sailor_Moon', 7.1062378916991555)]
vector=[('Ana_de_Armas', 0.8100264668464661), ('Videodrome', 1.5996389389038086), ('Clive_Barker', 1.638288974761963)]
hybrid=[('Ana_de_Armas', 1.0), ('Videodrome', 0.19351119610218154), ('Sailor_Moon', 0.13990382306905622)]
answer=The film described as her breakthrough and turning point is **_Knives Out_ (2019)**. The document says her role in it “**was widely praised and marked a breakthrough for the actress**.”
------------------------------------------------------------------------
[2026-08-31T20:04:14] QUERY 2: What creature is portrayed as a defining symbol of Tasmania’s natural environment?
bm25=[('Tasmania', 10.463486594353665), ('Clive_Barker', 7.18127150668644), ('Uranium', 6.266439463332097)]
vector=[('Tasmania', 0.8313022255897522), ('Clive_Barker', 1.7440141439437866), ('Videodrome', 1.7957432270050049)]
hybrid=[('Tasmania', 1.0), ('Clive_Barker', 0.29673568726795324), ('Uranium', 0.2122086518717778)]
answer=The creature portrayed as a defining symbol of Tasmania’s natural environment is the **Tasmanian devil**. The document lists it as Tasmania’s **“state animal emblem”** and says **“The Tasmanian Devil, Tasmania's state animal emblem.”**
------------------------------------------------------------------------
[2026-08-31T20:04:19] QUERY 3: How does the Uranium article characterize the element’s industrial importance, and what does the Tasmania article mention about the region’s mineral deposits?
bm25=[('Uranium', 20.30644206103636), ('Tasmania', 15.667787442396778), ('How_I_Met_Your_Mother', 11.247630046864044)]
vector=[('Uranium', 0.8800129890441895), ('Tasmania', 1.0581400394439697), ('Sailor_Moon', 1.6967229843139648)]
hybrid=[('Uranium', 1.0), ('Tasmania', 0.37834369325717926), ('How_I_Met_Your_Mother', 0.16712819133582843)]
answer=The Uranium article says uranium has major industrial and technological importance, especially in energy and weapons. It states: “Many contemporary uses of uranium exploit its unique nuclear properties,” and “The primary civilian use for uranium harnesses the heat energy to produce electricity.” It also notes military uses such as “high-density penetrating projectiles” made from depleted uranium.

The Tasmania article mentions that the region has significant mineral deposits, especially in its geology and mining history. It refers to Tasmania as having “mineral-rich volcanic rock” in the northwest and west, and says the state has long had mining as one of its main industries: “Traditionally, Tasmania's main industries have been mining (including copper, zinc, tin, and iron).”
------------------------------------------------------------------------
[2026-08-31T20:04:27] QUERY 4: What thematic parallels or contrasts can be drawn between Clive Barker’s creative style and the narrative motifs described in Sailor Moon?
bm25=[('Sailor_Moon', 15.997999361405595), ('Clive_Barker', 12.66686181102398), ('How_I_Met_Your_Mother', 8.629202149804712)]
vector=[('Sailor_Moon', 1.1168514490127563), ('Clive_Barker', 1.1786762475967407), ('Videodrome', 1.5413947105407715)]
hybrid=[('Sailor_Moon', 1.0), ('Clive_Barker', 0.8005274405704637), ('How_I_Met_Your_Mother', 0.5587474796569509)]
answer=Based on the documents, there are a few clear **contrasts** and some loose **parallels** between Clive Barker’s style and the motifs in *Sailor Moon*:

### Contrasts
- **Genre and tone:** Barker is described as “a British writer, filmmaker, and visual artist” who “came to prominence… with a series of short stories collectively named the *Books of Blood*, which established him as a leading horror author.” By contrast, *Sailor Moon* is a “Japanese manga series” in the “magical girl” genre, and its story centers on schoolgirls transforming into heroes.
- **Core imaginative focus:** Barker’s work is tied to “horror and fantasy,” with film adaptations like *Hellraiser* and *Candyman*. *Sailor Moon* emphasizes “magic,” teamwork, and heroic transformation: Usagi and the Sailor Guardians “transform” and “battle against villains to prevent the theft of the Silver Crystal and the destruction of the Solar System.”
- **Aesthetic emphasis:** Barker is also a “prolific visual artist” with art shown in galleries and in his books. *Sailor Moon* likewise has strong visual identity, but the document frames it around “teenage fashion trends,” “schoolgirl antics,” and “art, characterization, and humor.”

### Possible parallels
- **Transformation as a major motif:** Barker’s fiction often involves dramatic bodily and psychological change in horror/fantasy, while *Sailor Moon* repeatedly centers on transformation into Sailor Guardians. The document on *Sailor Moon* explicitly says the series is about “transforming into the eponymous character,” and Barker’s career is associated with “horror and fantasy,” a space often linked to metamorphosis.
- **Mythic and symbolic imagery:** Barker’s influences include “Herman Melville, Edgar Allan Poe, Ray Bradbury, William S. Burroughs, William Blake, and Jean Cocteau,” and *Sailor Moon* uses “astronomy, astrology, gemology, Greco-Roman mythology, [and] Japanese elemental themes.” So both appear to draw heavily on symbolic, mythic, and visually rich material.
- **Strong visual imagination:** Barker’s paintings and illustrations are central to his body of work, and *Sailor Moon* is described as notable for its art and character designs. Both seem to rely on striking imagery to support narrative.

### Overall
A reasonable reading from the documents is that **Barker’s style leans into darker, transgressive fantasy and horror, while *Sailor Moon* turns similar ideas of metamorphosis, symbolism, and mythic imagery toward an optimistic, team-based magical-girl framework**. So they overlap in imagination and transformation, but diverge sharply in emotional tone and narrative purpose.
------------------------------------------------------------------------
[2026-08-31T20:04:32] QUERY 5: How does Sailor Moon contribute to the broader tradition of magical‑hero storytelling, based on its article?
bm25=[('Sailor_Moon', 17.834853981219577), ('How_I_Met_Your_Mother', 9.20938677714433), ('Tasmania', 7.790353273760086)]
vector=[('Sailor_Moon', 0.8523125052452087), ('How_I_Met_Your_Mother', 1.5735139846801758), ('Clive_Barker', 1.5855320692062378)]
hybrid=[('Sailor_Moon', 1.0), ('How_I_Met_Your_Mother', 0.18517829935561286), ('Tasmania', 0.11693319712311016)]
answer=According to the article, *Sailor Moon* helped reshape and expand magical-hero storytelling by blending the magical girl genre with team-based superhero action. It says the series “became a fusion of the popular magical girl genre and the Super Sentai series,” and that its “dynamic heroines and action-oriented plots” are “widely credited with reinvigorating the magical girl genre.”

The article also notes its broader influence: after *Sailor Moon*, “many similar magical girl series” emerged, and it is credited with popularizing the idea of “a Super Sentai-like team of magical girls.” In short, it contributed by making magical-hero stories more ensemble-based, more action-driven, and centered on “credible, charismatic and independent” female heroes.
------------------------------------------------------------------------
