[2026-09-15T21:21:15] Q1: The actress whose international breakthrough came from Blade Runner 2049 shares what nationality with individuals born in the same country?
retrieved=[('Ana_de_Armas', 1.5), ('Academy_Award_for_Best_Production_Design', 0.625), ('Clint_Eastwood', 0.5)]
verdict=pass
answer=The actress whose international breakthrough came from "Blade Runner 2049" is Ana de Armas, who is described as a "Cuban and Spanish actress." Therefore, she shares her nationality with individuals born in Cuba.
------------------------------------------------------------------------
[2026-09-15T21:21:27] Q2: What creature is described as a defining symbol of Tasmania's natural environment?
retrieved=[('Tasmania', 1.5), ('Procellariiformes', 0.6666666666666666), ('Victoria_(state)', 0.5833333333333333)]
verdict=fail
answer=The documents do not contain information about a specific creature that is described as a defining symbol of Tasmania's natural environment.
------------------------------------------------------------------------
[2026-09-15T21:21:38] Q3: Which radioactive element serves as a major fuel source for power generation?
retrieved=[('Uranium', 1.5), ('Gold', 0.625), ('Silver', 0.5833333333333333)]
verdict=pass
answer=The radioactive element that serves as a major fuel source for power generation is uranium.
------------------------------------------------------------------------
[2026-09-15T21:21:49] Q4: What common theme links Sailor Moon and Dragon Ball Z?
retrieved=[('Dragon_Ball_Z', 1.25), ('Sailor_Moon', 1.0), ('Naoko_Takeuchi', 0.5)]
verdict=fail
answer=The documents do not provide specific information about a common theme linking "Sailor Moon" and "Dragon Ball Z." Therefore, I cannot answer the question based on the provided documents.
------------------------------------------------------------------------
[2026-09-15T21:22:00] Q5: How do Sailor Moon and Tasmania differ in subject matter?
retrieved=[('Tasmania', 1.1666666666666667), ('Sailor_Moon', 1.0), ('Dragon_Ball_Z', 0.45)]
verdict=fail
answer=The documents provided do not contain specific information comparing the subject matter of "Sailor Moon" and "Tasmania." Therefore, I cannot provide an answer to how they differ in subject matter based on the given documents.
------------------------------------------------------------------------
[2026-09-15T21:22:11] Q6: What personal relationship exists between Ana de Armas and 'The Mother'?
retrieved=[('Ana_de_Armas', 1.125), ('Bella_La_Rosa', 0.8333333333333333), ('Tenerife', 0.75)]
verdict=pass
answer=The documents provided do not contain any information regarding a personal relationship between Ana de Armas and 'The Mother'. Therefore, I cannot provide an answer to your question based on the available documents.
------------------------------------------------------------------------
[2026-09-15T21:22:20] Q7: Which filmmaker directed the film Videodrome, and what later film of theirs won a Special Jury Prize at the Cannes Film Festival?
retrieved=[('Videodrome', 1.1666666666666667), ('Clint_Eastwood', 0.75), ('Academy_Award_for_Best_Director', 0.75)]
verdict=fail
answer=The film *Videodrome* was directed by David Cronenberg. The later film of his that won a Special Jury Prize at the Cannes Film Festival is *Crash* (1996). However, this information about *Crash* is not included in the provided documents.
------------------------------------------------------------------------
[2026-09-15T21:22:33] Q8: The musician known for the parody 'Eat It' based the song on a hit by which artist?
retrieved=[('_Weird_Al__Yankovic', 1.5), ('Royston_Sagigi-Baira', 0.6666666666666666), ('Michael_Jackson', 0.5833333333333333)]
verdict=pass
answer=The musician known for the parody 'Eat It' is "Weird Al" Yankovic, and he based the song on a hit by Michael Jackson.
------------------------------------------------------------------------
[2026-09-15T21:22:46] Q9: Which major literary award was won by the novel that introduced the archipelago setting later expanded throughout Ursula K. Le Guin's Earthsea series?
retrieved=[('A_Wizard_of_Earthsea', 1.5), ('Ursula_K._Le_Guin', 0.75), ('Harry_Potter', 0.4583333333333333)]
verdict=fail
answer=The novel that introduced the archipelago setting later expanded throughout Ursula K. Le Guin's Earthsea series is _A Wizard of Earthsea_. It won the prestigious **1970 Lewis Carroll Shelf Award**.
------------------------------------------------------------------------
[2026-09-15T21:22:56] Q10: What profession is practiced by the woman who eventually becomes the mother in How I Met Your Mother?
retrieved=[('How_I_Met_Your_Mother', 1.5), ('Tenerife', 0.75), ('Clint_Eastwood', 0.5)]
verdict=fail
answer=The documents do not provide information about the profession of the woman who eventually becomes the mother in "How I Met Your Mother."
------------------------------------------------------------------------
[2026-09-15T21:23:05] Q11: Which came first: the debut of the Earthsea series by Ursula K. Le Guin or the first publication of the manga that inspired Dragon Ball Z?
retrieved=[('A_Wizard_of_Earthsea', 1.5), ('Ursula_K._Le_Guin', 0.6666666666666666), ('Akira_Toriyama', 0.5833333333333333)]
verdict=pass
answer=The debut of the Earthsea series by Ursula K. Le Guin, specifically with the publication of "A Wizard of Earthsea," occurred in 1968. On the other hand, the manga that inspired Dragon Ball Z, "Dragon Ball," was first published in 1984. Therefore, "A Wizard of Earthsea" came first. 

To summarize: "A Wizard of Earthsea" was published in 1968, while "Dragon Ball" debuted in 1984.
------------------------------------------------------------------------
[2026-09-15T21:23:23] Q12: The animal regarded as a symbol of Tasmania belongs to which broader group of mammals?
retrieved=[('Tasmania', 1.5), ('Procellariiformes', 0.75), ('Victoria_(state)', 0.43333333333333335)]
verdict=pass
answer=The animal regarded as a symbol of Tasmania is the Tasmanian devil, which belongs to the broader group of mammals known as marsupials.
------------------------------------------------------------------------
[2026-09-15T21:23:33] Q13: What is the connection between two unrelated articles?
retrieved=[('Tupac_Shakur', 1.5), ('Uranium', 0.6666666666666666), ('_Weird_Al__Yankovic', 0.5833333333333333)]
verdict=pass
answer=The provided documents do not contain any information about a connection between the articles on Tupac Shakur and Uranium, or any other unrelated articles. Therefore, I cannot provide an answer to your question.
------------------------------------------------------------------------
