[2026-09-06T21:30:04] Q1: Which film brought Ana de Armas major international recognition?
retrieved=[('Ana_de_Armas', 1.0), ('Sailor_Moon', 0.061405283629345234), ('Ronald_Reagan', 0.024705223687800097)]
verdict=pass
answer=Ana de Armas gained major international recognition for **“Knives Out” (2019)**. The document says her role in it “**was widely praised and marked a breakthrough for the actress**.”
------------------------------------------------------------------------
[2026-09-06T21:30:09] Q2: What creature is described as a defining symbol of Tasmania's natural environment?
retrieved=[('Tasmania', 1.0), ('Charles_Dickens', 0.1126411359265755), ('Uranium', 0.07646001487461929)]
verdict=pass
answer=The document says Tasmania is associated with the **Tasmanian devil**, which is listed as its state animal emblem: “**Mammal Tasmanian devil (Sarcophilus harrisii)**.” It is also described as “**the Tasmanian Devil, Tasmania's state animal emblem**.”
------------------------------------------------------------------------
[2026-09-06T21:30:13] Q3: How does the Uranium article describe the element's industrial importance?
retrieved=[('Uranium', 1.0), ('Charles_Dickens', 0.09864379743261123), ('St._Philip_s_College_(United_States)', 0.043271388256916024)]
verdict=pass
answer=The Uranium article describes uranium as industrially important because “many contemporary uses of uranium exploit its unique nuclear properties,” especially in “nuclear power plants and nuclear weapons.” It also says uranium is used for civilian electricity generation: “The main use of uranium in the civilian sector is to fuel nuclear power plants.”

Beyond energy, the article notes industrial uses of depleted uranium: “high-density penetrators,” “shielding material,” “counterweights,” “ballast,” and “shielding material” in transport containers. It also says uranium has been used in industry for “yellow glass and pottery glazes,” “photographic chemicals,” “lamp filaments,” and “stains and dyes.”

So, overall, the article presents uranium as important both for the nuclear industry and for several specialized industrial applications.
------------------------------------------------------------------------
[2026-09-06T21:30:18] Q4: How does Sailor Moon contribute to magical-hero storytelling?
retrieved=[('Sailor_Moon', 1.0), ('Harry_Potter', 0.15898817502206183), ('Harry_Potter_(film_series)', 0.12614815675436444)]
verdict=pass
answer=According to the documents, *Sailor Moon* contributes to magical-hero storytelling by helping define and popularize the modern magical girl/team-hero model.

The document says it is “**widely credited with reinvigorating the magical girl genre**,” and that after its success, “**many similar magical girl series**” followed. It also notes that the series helped popularize “**the concept of a Super Sentai-like team of magical girls**.”

More broadly, it combines ordinary schoolgirl life with heroic transformation: “**a young middle school student**” learns she is a reincarnated princess and “**transforms into**” Sailor Moon to battle villains. This mix of “ordinary” and “extraordinary” is part of how it shapes magical-hero storytelling.
------------------------------------------------------------------------
[2026-09-06T21:30:22] Q5: What is the connection between two unrelated articles?
retrieved=[('Marshall_McLuhan', 0.6), ('The_Century_Magazine', 0.6), ('Associated_Press_v._United_States', 0.6)]
verdict=pass
answer=I can’t determine that from the provided documents.

The only content given is the question itself, and there are no article texts or summaries to compare. So I don’t have enough information to identify any connection between two unrelated articles.
------------------------------------------------------------------------
