[2026-08-30T23:13:40] QUERY 1: Which film is described as the turning point that brought Ana de Armas major international recognition?
bm25=[('Ana_de_Armas', 9.311673824397372), ('Tasmania', 5.3422260246308815), ('Sailor_Moon', 4.130232358304197)]
vector=[('Ana_de_Armas', 0.809877336025238), ('Clive_Barker', 1.6385165452957153), ('Sailor_Moon', 1.7139616012573242)]
answer=The film was **_Knives Out_ (2019)**. The document says her role in it “**was widely praised and marked a breakthrough for the actress**,” and that the film “**was a major box office success**.”
------------------------------------------------------------------------
[2026-08-30T23:13:42] QUERY 2: What creature is portrayed as a defining symbol of Tasmania’s natural environment?
bm25=[('Tasmania', 6.625118481393903), ('Clive_Barker', 4.59504144461844), ('Ana_de_Armas', 4.316506131658336)]
vector=[('Tasmania', 0.8313452005386353), ('Clive_Barker', 1.7439517974853516), ('Sailor_Moon', 1.874708652496338)]
answer=The document says Tasmania is known for the **Tasmanian devil**, which is listed as its **state animal emblem**: “**Mammal Tasmanian devil (Sarcophilus harrisii)**.” It is also described as “**Tasmania's state animal emblem**.”
------------------------------------------------------------------------
[2026-08-30T23:13:45] QUERY 3: How does the Uranium article characterize the element’s industrial importance, and what does the Tasmania article mention about the region’s mineral deposits?
bm25=[('Uranium', 13.580200773059099), ('Tasmania', 11.073428890120738), ('Sailor_Moon', 5.652481393299773)]
vector=[('Uranium', 0.8800217509269714), ('Tasmania', 1.0581638813018799), ('Sailor_Moon', 1.6968004703521729)]
answer=The Uranium article says uranium has major industrial importance because “many contemporary uses of uranium exploit its unique nuclear properties,” and specifically that it is “used in nuclear power plants and nuclear weapons” and that “the primary civilian use for uranium harnesses the heat energy to produce electricity.” It also notes other industrial uses such as depleted uranium in penetrators, armor, shielding, counterweights, and “X-ray targets.”

For Tasmania, the article mentions that the state has notable mineral resources, including that “the north-west coast host ports” and, more directly, that “the island's west coast and in the northwest” contain mining operations, with traditional industries including mining “(including copper, zinc, tin, and iron).” It also says Tasmania has “mineral-rich volcanic rock” in the northwest and west, and that its mineral emblem is crocoite.
------------------------------------------------------------------------
[2026-08-30T23:13:49] QUERY 4: What thematic parallels or contrasts can be drawn between Clive Barker’s creative style and the narrative motifs described in Sailor Moon?
bm25=[('Sailor_Moon', 10.102043499513792), ('Clive_Barker', 8.83695471575154), ('Tasmania', 4.8816414677755695)]
vector=[('Sailor_Moon', 1.1166386604309082), ('Clive_Barker', 1.1786702871322632), ('Ana_de_Armas', 1.7768363952636719)]
answer=The documents do not directly compare Clive Barker’s creative style with *Sailor Moon*, but they do describe traits that can be contrasted.

**Clive Barker’s style** is presented as horror and dark fantasy: he “came to prominence in the 1980s with a series of short stories collectively named the *Books of Blood*,” and his work includes “the *Hellraiser* series” and *Candyman*. The document also says he writes “horror and fantasy,” and mentions his interest in “modern-day fantasy and urban fantasy with horror elements.”

By contrast, *Sailor Moon* is described as a “magical girl” series that fuses “the popular magical girl genre and the Super Sentai series.” Its recurring motifs include “astronomy, astrology, gemology, Greco-Roman mythology, Japanese elemental themes, teenage fashion trends, and schoolgirl antics.” It centers on “friendship,” “transformation,” and heroines protecting the Earth and Moon from destruction.

### Thematic parallels
- **Transformation**: Barker’s work often features body horror, metamorphosis, and fantastical change; *Sailor Moon* explicitly revolves around magical transformation.  
- **Mythic / supernatural imagery**: Barker draws on horror-fantasy and imagination; *Sailor Moon* uses “Greco-Roman mythology” and cosmic symbolism.
- **Genre blending**: Barker mixes horror with fantasy; *Sailor Moon* mixes magical girl elements with action-oriented team dynamics.

### Thematic contrasts
- **Tone**: Barker’s work is rooted in horror and darker themes, while *Sailor Moon* is described as heroic, colorful, and empowerment-focused.
- **Narrative aim**: Barker’s stories often explore disturbing or transgressive material, whereas *Sailor Moon* emphasizes protecting others, friendship, and justice.
- **Aesthetic**: Barker is associated with dark imaginative art; *Sailor Moon* with “teenage fashion trends” and hyper-feminized superhero imagery.

So, based on the documents, the strongest comparison is that both rely on **fantastical transformation and symbolic imagery**, but they diverge sharply in **tone and purpose**: Barker is dark and horror-driven, while *Sailor Moon* is optimistic, mythic, and empowerment-oriented.
------------------------------------------------------------------------
[2026-08-30T23:13:52] QUERY 5: How does Sailor Moon contribute to the broader tradition of magical‑hero storytelling, based on its article?
bm25=[('Sailor_Moon', 11.827055750059568), ('Tasmania', 4.863776389770221), ('Uranium', 3.569643681133671)]
vector=[('Sailor_Moon', 0.8522048592567444), ('Clive_Barker', 1.585655689239502), ('Ana_de_Armas', 1.6885381937026978)]
answer=According to the article, *Sailor Moon* helped redefine and expand magical-hero storytelling by combining the magical girl genre with team-based superhero action.

It says the series was “**a fusion of the popular magical girl genre and the Super Sentai series**,” and that its “**dynamic heroines and action-oriented plots**” are why it is “**widely credited with reinvigorating the magical girl genre**.” The article also notes that after its success, many similar series emerged.

So, based on the article, *Sailor Moon* contributes by:
- blending transformation-based magical girl storytelling with team superhero dynamics,
- centering strong, active heroines who fight evil,
- and influencing later magical girl and female-superhero works.
------------------------------------------------------------------------
